
> learning-management-system@0.1.0 build
> next build

   Γû▓ Next.js 15.5.12
   - Environments: .env.local

   Creating an optimized production build ...
 Γ£ô Compiled successfully in 25.4s
   Linting and checking validity of types ...
   Collecting page data ...
node.exe : [Error [PageNotFoundError]: Cannot find module for page: 
/admin/activity] {
At line:1 char:1
+ & "C:\Program Files\nodejs/node.exe" "C:\Program Files\nodejs/node_mo ...
+ ~~~~~~~~~~~~~~~~~~~~~~~~~~~~~~~~~~~~~~~~~~~~~~~~~~~~~~~~~~~~~~~~~~~~~
    + CategoryInfo          : NotSpecified: ([Error [PageNot...min/activity] { 
   :String) [], RemoteException
    + FullyQualifiedErrorId : NativeCommandError
 
  code: 'ENOENT'
}

> Build error occurred
[Error: Failed to collect page data for /admin/activity] {
  type: 'Error'
}
